-- Automatically generated by SQLQueryTestSuite
-- Number of queries: 42


-- !query
select to_json(named_struct('a', 1, 'b', 2))
-- !query schema
struct<to_json(named_struct(a, 1, b, 2)):string>
-- !query output
{"a":1,"b":2}


-- !query
select to_json(named_struct('time', to_timestamp('2015-08-26', 'yyyy-MM-dd')), map('timestampFormat', 'dd/MM/yyyy'))
-- !query schema
struct<to_json(named_struct(time, to_timestamp('2015-08-26', 'yyyy-MM-dd'))):string>
-- !query output
{"time":"26/08/2015"}


-- !query
select to_json(array(named_struct('a', 1, 'b', 2)))
-- !query schema
struct<to_json(array(named_struct(a, 1, b, 2))):string>
-- !query output
[{"a":1,"b":2}]


-- !query
select to_json(map(named_struct('a', 1, 'b', 2), named_struct('a', 1, 'b', 2)))
-- !query schema
struct<to_json(map(named_struct(a, 1, b, 2), named_struct(a, 1, b, 2))):string>
-- !query output
{"[1,2]":{"a":1,"b":2}}


-- !query
select to_json(map('a', named_struct('a', 1, 'b', 2)))
-- !query schema
struct<to_json(map(a, named_struct(a, 1, b, 2))):string>
-- !query output
{"a":{"a":1,"b":2}}


-- !query
select to_json(map('a', 1))
-- !query schema
struct<to_json(map(a, 1)):string>
-- !query output
{"a":1}


-- !query
select to_json(array(map('a',1)))
-- !query schema
struct<to_json(array(map(a, 1))):string>
-- !query output
[{"a":1}]


-- !query
select to_json(array(map('a',1), map('b',2)))
-- !query schema
struct<to_json(array(map(a, 1), map(b, 2))):string>
-- !query output
[{"a":1},{"b":2}]


-- !query
select to_json(named_struct('a', 1, 'b', 2), named_struct('mode', 'PERMISSIVE'))
-- !query schema
struct<>
-- !query output
org.apache.spark.sql.AnalysisException
Must use a map() function for options;; line 1 pos 7


-- !query
select to_json(named_struct('a', 1, 'b', 2), map('mode', 1))
-- !query schema
struct<>
-- !query output
org.apache.spark.sql.AnalysisException
A type of keys and values in map() must be string, but got map<string,int>;; line 1 pos 7


-- !query
select to_json()
-- !query schema
struct<>
-- !query output
org.apache.spark.sql.AnalysisException
Invalid number of arguments for function to_json. Expected: one of 1 and 2; Found: 0; line 1 pos 7


-- !query
select from_json('{"a":1}', 'a INT')
-- !query schema
struct<from_json({"a":1}):struct<a:int>>
-- !query output
{"a":1}


-- !query
select from_json('{"time":"26/08/2015"}', 'time Timestamp', map('timestampFormat', 'dd/MM/yyyy'))
-- !query schema
struct<from_json({"time":"26/08/2015"}):struct<time:timestamp>>
-- !query output
{"time":2015-08-26 00:00:00}


-- !query
select from_json('{"a":1}', 1)
-- !query schema
struct<>
-- !query output
org.apache.spark.sql.AnalysisException
The expression '1' is not a valid schema string.;; line 1 pos 7


-- !query
select from_json('{"a":1}', 'a InvalidType')
-- !query schema
struct<>
-- !query output
org.apache.spark.sql.AnalysisException

DataType invalidtype is not supported.(line 1, pos 2)

== SQL ==
a InvalidType
--^^^
; line 1 pos 7


-- !query
select from_json('{"a":1}', 'a INT', named_struct('mode', 'PERMISSIVE'))
-- !query schema
struct<>
-- !query output
org.apache.spark.sql.AnalysisException
Must use a map() function for options;; line 1 pos 7


-- !query
select from_json('{"a":1}', 'a INT', map('mode', 1))
-- !query schema
struct<>
-- !query output
org.apache.spark.sql.AnalysisException
A type of keys and values in map() must be string, but got map<string,int>;; line 1 pos 7


-- !query
select from_json()
-- !query schema
struct<>
-- !query output
org.apache.spark.sql.AnalysisException
Invalid number of arguments for function from_json. Expected: one of 2 and 3; Found: 0; line 1 pos 7


-- !query
SELECT json_tuple('{"a" : 1, "b" : 2}', CAST(NULL AS STRING), 'b', CAST(NULL AS STRING), 'a')
-- !query schema
struct<c0:string,c1:string,c2:string,c3:string>
-- !query output
NULL	2	NULL	1


-- !query
CREATE TEMPORARY VIEW jsonTable(jsonField, a) AS SELECT * FROM VALUES ('{"a": 1, "b": 2}', 'a')
-- !query schema
struct<>
-- !query output



-- !query
SELECT json_tuple(jsonField, 'b', CAST(NULL AS STRING), a) FROM jsonTable
-- !query schema
struct<c0:string,c1:string,c2:string>
-- !query output
2	NULL	1


-- !query
DROP VIEW IF EXISTS jsonTable
-- !query schema
struct<>
-- !query output



-- !query
select from_json('{"a":1, "b":2}', 'map<string, int>')
-- !query schema
struct<entries:map<string,int>>
-- !query output
{"a":1,"b":2}


-- !query
select from_json('{"a":1, "b":"2"}', 'struct<a:int,b:string>')
-- !query schema
struct<from_json({"a":1, "b":"2"}):struct<a:int,b:string>>
-- !query output
{"a":1,"b":"2"}


-- !query
select schema_of_json('{"c1":0, "c2":[1]}')
-- !query schema
struct<schema_of_json({"c1":0, "c2":[1]}):string>
-- !query output
struct<c1:bigint,c2:array<bigint>>


-- !query
select from_json('{"c1":[1, 2, 3]}', schema_of_json('{"c1":[0]}'))
-- !query schema
struct<from_json({"c1":[1, 2, 3]}):struct<c1:array<bigint>>>
-- !query output
{"c1":[1,2,3]}


-- !query
select from_json('[1, 2, 3]', 'array<int>')
-- !query schema
struct<from_json([1, 2, 3]):array<int>>
-- !query output
[1,2,3]


-- !query
select from_json('[1, "2", 3]', 'array<int>')
-- !query schema
struct<from_json([1, "2", 3]):array<int>>
-- !query output
NULL


-- !query
select from_json('[1, 2, null]', 'array<int>')
-- !query schema
struct<from_json([1, 2, null]):array<int>>
-- !query output
[1,2,null]


-- !query
select from_json('[{"a": 1}, {"a":2}]', 'array<struct<a:int>>')
-- !query schema
struct<from_json([{"a": 1}, {"a":2}]):array<struct<a:int>>>
-- !query output
[{"a":1},{"a":2}]


-- !query
select from_json('{"a": 1}', 'array<struct<a:int>>')
-- !query schema
struct<from_json({"a": 1}):array<struct<a:int>>>
-- !query output
[{"a":1}]


-- !query
select from_json('[null, {"a":2}]', 'array<struct<a:int>>')
-- !query schema
struct<from_json([null, {"a":2}]):array<struct<a:int>>>
-- !query output
[null,{"a":2}]


-- !query
select from_json('[{"a": 1}, {"b":2}]', 'array<map<string,int>>')
-- !query schema
struct<from_json([{"a": 1}, {"b":2}]):array<map<string,int>>>
-- !query output
[{"a":1},{"b":2}]


-- !query
select from_json('[{"a": 1}, 2]', 'array<map<string,int>>')
-- !query schema
struct<from_json([{"a": 1}, 2]):array<map<string,int>>>
-- !query output
NULL


-- !query
select to_json(array('1', '2', '3'))
-- !query schema
struct<to_json(array(1, 2, 3)):string>
-- !query output
["1","2","3"]


-- !query
select to_json(array(array(1, 2, 3), array(4)))
-- !query schema
struct<to_json(array(array(1, 2, 3), array(4))):string>
-- !query output
[[1,2,3],[4]]


-- !query
select schema_of_json('{"c1":1}', map('primitivesAsString', 'true'))
-- !query schema
struct<schema_of_json({"c1":1}):string>
-- !query output
struct<c1:string>


-- !query
select schema_of_json('{"c1":01, "c2":0.1}', map('allowNumericLeadingZeros', 'true', 'prefersDecimal', 'true'))
-- !query schema
struct<schema_of_json({"c1":01, "c2":0.1}):string>
-- !query output
struct<c1:bigint,c2:decimal(1,1)>


-- !query
select schema_of_json(null)
-- !query schema
struct<>
-- !query output
org.apache.spark.sql.AnalysisException
cannot resolve 'schema_of_json(NULL)' due to data type mismatch: The input json should be a foldable string expression and not null; however, got NULL.; line 1 pos 7


-- !query
CREATE TEMPORARY VIEW jsonTable(jsonField, a) AS SELECT * FROM VALUES ('{"a": 1, "b": 2}', 'a')
-- !query schema
struct<>
-- !query output



-- !query
SELECT schema_of_json(jsonField) FROM jsonTable
-- !query schema
struct<>
-- !query output
org.apache.spark.sql.AnalysisException
cannot resolve 'schema_of_json(jsontable.`jsonField`)' due to data type mismatch: The input json should be a foldable string expression and not null; however, got jsontable.`jsonField`.; line 1 pos 7


-- !query
DROP VIEW IF EXISTS jsonTable
-- !query schema
struct<>
-- !query output

