-- Automatically generated by SQLQueryTestSuite
-- Number of queries: 98


-- !query
CREATE TABLE DATE_TBL (f1 date) USING parquet
-- !query schema
struct<>
-- !query output



-- !query
INSERT INTO DATE_TBL VALUES (date('1957-04-09'))
-- !query schema
struct<>
-- !query output



-- !query
INSERT INTO DATE_TBL VALUES (date('1957-06-13'))
-- !query schema
struct<>
-- !query output



-- !query
INSERT INTO DATE_TBL VALUES (date('1996-02-28'))
-- !query schema
struct<>
-- !query output



-- !query
INSERT INTO DATE_TBL VALUES (date('1996-02-29'))
-- !query schema
struct<>
-- !query output



-- !query
INSERT INTO DATE_TBL VALUES (date('1996-03-01'))
-- !query schema
struct<>
-- !query output



-- !query
INSERT INTO DATE_TBL VALUES (date('1996-03-02'))
-- !query schema
struct<>
-- !query output



-- !query
INSERT INTO DATE_TBL VALUES (date('1997-02-28'))
-- !query schema
struct<>
-- !query output



-- !query
INSERT INTO DATE_TBL VALUES (date('1997-03-01'))
-- !query schema
struct<>
-- !query output



-- !query
INSERT INTO DATE_TBL VALUES (date('1997-03-02'))
-- !query schema
struct<>
-- !query output



-- !query
INSERT INTO DATE_TBL VALUES (date('2000-04-01'))
-- !query schema
struct<>
-- !query output



-- !query
INSERT INTO DATE_TBL VALUES (date('2000-04-02'))
-- !query schema
struct<>
-- !query output



-- !query
INSERT INTO DATE_TBL VALUES (date('2000-04-03'))
-- !query schema
struct<>
-- !query output



-- !query
INSERT INTO DATE_TBL VALUES (date('2038-04-08'))
-- !query schema
struct<>
-- !query output



-- !query
INSERT INTO DATE_TBL VALUES (date('2039-04-09'))
-- !query schema
struct<>
-- !query output



-- !query
INSERT INTO DATE_TBL VALUES (date('2040-04-10'))
-- !query schema
struct<>
-- !query output



-- !query
SELECT f1 AS `Fifteen` FROM DATE_TBL
-- !query schema
struct<Fifteen:date>
-- !query output
1957-04-09
1957-06-13
1996-02-28
1996-02-29
1996-03-01
1996-03-02
1997-02-28
1997-03-01
1997-03-02
2000-04-01
2000-04-02
2000-04-03
2038-04-08
2039-04-09
2040-04-10


-- !query
SELECT f1 AS `Nine` FROM DATE_TBL WHERE f1 < '2000-01-01'
-- !query schema
struct<Nine:date>
-- !query output
1957-04-09
1957-06-13
1996-02-28
1996-02-29
1996-03-01
1996-03-02
1997-02-28
1997-03-01
1997-03-02


-- !query
SELECT f1 AS `Three` FROM DATE_TBL
  WHERE f1 BETWEEN '2000-01-01' AND '2001-01-01'
-- !query schema
struct<Three:date>
-- !query output
2000-04-01
2000-04-02
2000-04-03


-- !query
SELECT date '1999-01-08'
-- !query schema
struct<DATE '1999-01-08':date>
-- !query output
1999-01-08


-- !query
SELECT date '1999-01-18'
-- !query schema
struct<DATE '1999-01-18':date>
-- !query output
1999-01-18


-- !query
SELECT date '1999 Jan 08'
-- !query schema
struct<>
-- !query output
org.apache.spark.sql.catalyst.parser.ParseException

Cannot parse the DATE value: 1999 Jan 08(line 1, pos 7)

== SQL ==
SELECT date '1999 Jan 08'
-------^^^


-- !query
SELECT date '1999 08 Jan'
-- !query schema
struct<>
-- !query output
org.apache.spark.sql.catalyst.parser.ParseException

Cannot parse the DATE value: 1999 08 Jan(line 1, pos 7)

== SQL ==
SELECT date '1999 08 Jan'
-------^^^


-- !query
SELECT date '1999-01-08'
-- !query schema
struct<DATE '1999-01-08':date>
-- !query output
1999-01-08


-- !query
SELECT date '1999-08-01'
-- !query schema
struct<DATE '1999-08-01':date>
-- !query output
1999-08-01


-- !query
SELECT date '1999 01 08'
-- !query schema
struct<>
-- !query output
org.apache.spark.sql.catalyst.parser.ParseException

Cannot parse the DATE value: 1999 01 08(line 1, pos 7)

== SQL ==
SELECT date '1999 01 08'
-------^^^


-- !query
SELECT date '1999 08 01'
-- !query schema
struct<>
-- !query output
org.apache.spark.sql.catalyst.parser.ParseException

Cannot parse the DATE value: 1999 08 01(line 1, pos 7)

== SQL ==
SELECT date '1999 08 01'
-------^^^


-- !query
SELECT date '1999-01-08'
-- !query schema
struct<DATE '1999-01-08':date>
-- !query output
1999-01-08


-- !query
SELECT date '1999 Jan 08'
-- !query schema
struct<>
-- !query output
org.apache.spark.sql.catalyst.parser.ParseException

Cannot parse the DATE value: 1999 Jan 08(line 1, pos 7)

== SQL ==
SELECT date '1999 Jan 08'
-------^^^


-- !query
SELECT date '1999 08 Jan'
-- !query schema
struct<>
-- !query output
org.apache.spark.sql.catalyst.parser.ParseException

Cannot parse the DATE value: 1999 08 Jan(line 1, pos 7)

== SQL ==
SELECT date '1999 08 Jan'
-------^^^


-- !query
SELECT date '1999-01-08'
-- !query schema
struct<DATE '1999-01-08':date>
-- !query output
1999-01-08


-- !query
SELECT date '1999-08-01'
-- !query schema
struct<DATE '1999-08-01':date>
-- !query output
1999-08-01


-- !query
SELECT date '1999 01 08'
-- !query schema
struct<>
-- !query output
org.apache.spark.sql.catalyst.parser.ParseException

Cannot parse the DATE value: 1999 01 08(line 1, pos 7)

== SQL ==
SELECT date '1999 01 08'
-------^^^


-- !query
SELECT date '1999 08 01'
-- !query schema
struct<>
-- !query output
org.apache.spark.sql.catalyst.parser.ParseException

Cannot parse the DATE value: 1999 08 01(line 1, pos 7)

== SQL ==
SELECT date '1999 08 01'
-------^^^


-- !query
SELECT date '1999-01-08'
-- !query schema
struct<DATE '1999-01-08':date>
-- !query output
1999-01-08


-- !query
SELECT date '1999-01-18'
-- !query schema
struct<DATE '1999-01-18':date>
-- !query output
1999-01-18


-- !query
SELECT date '1999 Jan 08'
-- !query schema
struct<>
-- !query output
org.apache.spark.sql.catalyst.parser.ParseException

Cannot parse the DATE value: 1999 Jan 08(line 1, pos 7)

== SQL ==
SELECT date '1999 Jan 08'
-------^^^


-- !query
SELECT date '1999 08 Jan'
-- !query schema
struct<>
-- !query output
org.apache.spark.sql.catalyst.parser.ParseException

Cannot parse the DATE value: 1999 08 Jan(line 1, pos 7)

== SQL ==
SELECT date '1999 08 Jan'
-------^^^


-- !query
SELECT date '1999-01-08'
-- !query schema
struct<DATE '1999-01-08':date>
-- !query output
1999-01-08


-- !query
SELECT date '1999-08-01'
-- !query schema
struct<DATE '1999-08-01':date>
-- !query output
1999-08-01


-- !query
SELECT date '1999 01 08'
-- !query schema
struct<>
-- !query output
org.apache.spark.sql.catalyst.parser.ParseException

Cannot parse the DATE value: 1999 01 08(line 1, pos 7)

== SQL ==
SELECT date '1999 01 08'
-------^^^


-- !query
SELECT date '1999 08 01'
-- !query schema
struct<>
-- !query output
org.apache.spark.sql.catalyst.parser.ParseException

Cannot parse the DATE value: 1999 08 01(line 1, pos 7)

== SQL ==
SELECT date '1999 08 01'
-------^^^


-- !query
SELECT date '4714-11-24 BC'
-- !query schema
struct<DATE '4714-11-24':date>
-- !query output
4714-11-24


-- !query
SELECT date '4714-11-23 BC'
-- !query schema
struct<DATE '4714-11-23':date>
-- !query output
4714-11-23


-- !query
SELECT date '5874897-12-31'
-- !query schema
struct<>
-- !query output
org.apache.spark.sql.catalyst.parser.ParseException

Cannot parse the DATE value: 5874897-12-31(line 1, pos 7)

== SQL ==
SELECT date '5874897-12-31'
-------^^^


-- !query
SELECT date '5874898-01-01'
-- !query schema
struct<>
-- !query output
org.apache.spark.sql.catalyst.parser.ParseException

Cannot parse the DATE value: 5874898-01-01(line 1, pos 7)

== SQL ==
SELECT date '5874898-01-01'
-------^^^


-- !query
SELECT f1 - date '2000-01-01' AS `Days From 2K` FROM DATE_TBL
-- !query schema
struct<Days From 2K:interval>
-- !query output
-2 years -10 months
-2 years -10 months -1 days
-2 years -9 months -30 days
-3 years -10 months
-3 years -10 months -1 days
-3 years -10 months -2 days
-3 years -9 months -30 days
-42 years -6 months -18 days
-42 years -8 months -22 days
3 months
3 months 1 days
3 months 2 days
38 years 3 months 7 days
39 years 3 months 8 days
40 years 3 months 9 days


-- !query
SELECT f1 - date 'epoch' AS `Days From Epoch` FROM DATE_TBL
-- !query schema
struct<Days From Epoch:interval>
-- !query output
-12 years -6 months -18 days
-12 years -8 months -22 days
26 years 1 months 27 days
26 years 1 months 28 days
26 years 2 months
26 years 2 months 1 days
27 years 1 months 27 days
27 years 2 months
27 years 2 months 1 days
30 years 3 months
30 years 3 months 1 days
30 years 3 months 2 days
68 years 3 months 7 days
69 years 3 months 8 days
70 years 3 months 9 days


-- !query
SELECT date 'yesterday' - date 'today' AS `One day`
-- !query schema
struct<One day:interval>
-- !query output
-1 days


-- !query
SELECT date 'today' - date 'tomorrow' AS `One day`
-- !query schema
struct<One day:interval>
-- !query output
-1 days


-- !query
SELECT date 'yesterday' - date 'tomorrow' AS `Two days`
-- !query schema
struct<Two days:interval>
-- !query output
-2 days


-- !query
SELECT date 'tomorrow' - date 'today' AS `One day`
-- !query schema
struct<One day:interval>
-- !query output
1 days


-- !query
SELECT date 'today' - date 'yesterday' AS `One day`
-- !query schema
struct<One day:interval>
-- !query output
1 days


-- !query
SELECT date 'tomorrow' - date 'yesterday' AS `Two days`
-- !query schema
struct<Two days:interval>
-- !query output
2 days


-- !query
SELECT EXTRACT(EPOCH FROM DATE        '1970-01-01')
-- !query schema
struct<date_part('EPOCH', DATE '1970-01-01'):decimal(20,6)>
-- !query output
0.000000


-- !query
SELECT EXTRACT(EPOCH FROM TIMESTAMP   '1970-01-01')
-- !query schema
struct<date_part('EPOCH', TIMESTAMP '1970-01-01 00:00:00'):decimal(20,6)>
-- !query output
0.000000


-- !query
SELECT EXTRACT(CENTURY FROM TO_DATE('0101-12-31 BC', 'yyyy-MM-dd G'))
-- !query schema
struct<date_part('CENTURY', to_date('0101-12-31 BC', 'yyyy-MM-dd G')):int>
-- !query output
-2


-- !query
SELECT EXTRACT(CENTURY FROM TO_DATE('0100-12-31 BC', 'yyyy-MM-dd G'))
-- !query schema
struct<date_part('CENTURY', to_date('0100-12-31 BC', 'yyyy-MM-dd G')):int>
-- !query output
-1


-- !query
SELECT EXTRACT(CENTURY FROM TO_DATE('0001-12-31 BC', 'yyyy-MM-dd G'))
-- !query schema
struct<date_part('CENTURY', to_date('0001-12-31 BC', 'yyyy-MM-dd G')):int>
-- !query output
-1


-- !query
SELECT EXTRACT(CENTURY FROM DATE '0001-01-01')
-- !query schema
struct<date_part('CENTURY', DATE '0001-01-01'):int>
-- !query output
1


-- !query
SELECT EXTRACT(CENTURY FROM DATE '0001-01-01 AD')
-- !query schema
struct<date_part('CENTURY', DATE '0001-01-01'):int>
-- !query output
1


-- !query
SELECT EXTRACT(CENTURY FROM DATE '1900-12-31')
-- !query schema
struct<date_part('CENTURY', DATE '1900-12-31'):int>
-- !query output
19


-- !query
SELECT EXTRACT(CENTURY FROM DATE '1901-01-01')
-- !query schema
struct<date_part('CENTURY', DATE '1901-01-01'):int>
-- !query output
20


-- !query
SELECT EXTRACT(CENTURY FROM DATE '2000-12-31')
-- !query schema
struct<date_part('CENTURY', DATE '2000-12-31'):int>
-- !query output
20


-- !query
SELECT EXTRACT(CENTURY FROM DATE '2001-01-01')
-- !query schema
struct<date_part('CENTURY', DATE '2001-01-01'):int>
-- !query output
21


-- !query
SELECT EXTRACT(CENTURY FROM CURRENT_DATE)>=21 AS True
-- !query schema
struct<True:boolean>
-- !query output
true


-- !query
SELECT EXTRACT(MILLENNIUM FROM TO_DATE('0001-12-31 BC', 'yyyy-MM-dd G'))
-- !query schema
struct<date_part('MILLENNIUM', to_date('0001-12-31 BC', 'yyyy-MM-dd G')):int>
-- !query output
-1


-- !query
SELECT EXTRACT(MILLENNIUM FROM DATE '0001-01-01 AD')
-- !query schema
struct<date_part('MILLENNIUM', DATE '0001-01-01'):int>
-- !query output
1


-- !query
SELECT EXTRACT(MILLENNIUM FROM DATE '1000-12-31')
-- !query schema
struct<date_part('MILLENNIUM', DATE '1000-12-31'):int>
-- !query output
1


-- !query
SELECT EXTRACT(MILLENNIUM FROM DATE '1001-01-01')
-- !query schema
struct<date_part('MILLENNIUM', DATE '1001-01-01'):int>
-- !query output
2


-- !query
SELECT EXTRACT(MILLENNIUM FROM DATE '2000-12-31')
-- !query schema
struct<date_part('MILLENNIUM', DATE '2000-12-31'):int>
-- !query output
2


-- !query
SELECT EXTRACT(MILLENNIUM FROM DATE '2001-01-01')
-- !query schema
struct<date_part('MILLENNIUM', DATE '2001-01-01'):int>
-- !query output
3


-- !query
SELECT EXTRACT(MILLENNIUM FROM CURRENT_DATE)
-- !query schema
struct<date_part('MILLENNIUM', current_date()):int>
-- !query output
3


-- !query
SELECT EXTRACT(DECADE FROM DATE '1994-12-25')
-- !query schema
struct<date_part('DECADE', DATE '1994-12-25'):int>
-- !query output
199


-- !query
SELECT EXTRACT(DECADE FROM DATE '0010-01-01')
-- !query schema
struct<date_part('DECADE', DATE '0010-01-01'):int>
-- !query output
1


-- !query
SELECT EXTRACT(DECADE FROM DATE '0009-12-31')
-- !query schema
struct<date_part('DECADE', DATE '0009-12-31'):int>
-- !query output
0


-- !query
SELECT EXTRACT(DECADE FROM TO_DATE('0001-01-01 BC', 'yyyy-MM-dd G'))
-- !query schema
struct<date_part('DECADE', to_date('0001-01-01 BC', 'yyyy-MM-dd G')):int>
-- !query output
0


-- !query
SELECT EXTRACT(DECADE FROM TO_DATE('0002-12-31 BC', 'yyyy-MM-dd G'))
-- !query schema
struct<date_part('DECADE', to_date('0002-12-31 BC', 'yyyy-MM-dd G')):int>
-- !query output
-1


-- !query
SELECT EXTRACT(DECADE FROM TO_DATE('0011-01-01 BC', 'yyyy-MM-dd G'))
-- !query schema
struct<date_part('DECADE', to_date('0011-01-01 BC', 'yyyy-MM-dd G')):int>
-- !query output
-1


-- !query
SELECT EXTRACT(DECADE FROM TO_DATE('0012-12-31 BC', 'yyyy-MM-dd G'))
-- !query schema
struct<date_part('DECADE', to_date('0012-12-31 BC', 'yyyy-MM-dd G')):int>
-- !query output
-2


-- !query
SELECT EXTRACT(CENTURY FROM NOW())>=21 AS True
-- !query schema
struct<True:boolean>
-- !query output
true


-- !query
SELECT EXTRACT(CENTURY FROM TIMESTAMP '1970-03-20 04:30:00.00000')
-- !query schema
struct<date_part('CENTURY', TIMESTAMP '1970-03-20 04:30:00'):int>
-- !query output
20


-- !query
SELECT DATE_TRUNC('MILLENNIUM', TIMESTAMP '1970-03-20 04:30:00.00000')
-- !query schema
struct<date_trunc(MILLENNIUM, TIMESTAMP '1970-03-20 04:30:00'):timestamp>
-- !query output
1001-01-01 00:00:00


-- !query
SELECT DATE_TRUNC('MILLENNIUM', DATE '1970-03-20')
-- !query schema
struct<date_trunc(MILLENNIUM, CAST(DATE '1970-03-20' AS TIMESTAMP)):timestamp>
-- !query output
1001-01-01 00:00:00


-- !query
SELECT DATE_TRUNC('CENTURY', TIMESTAMP '1970-03-20 04:30:00.00000')
-- !query schema
struct<date_trunc(CENTURY, TIMESTAMP '1970-03-20 04:30:00'):timestamp>
-- !query output
1901-01-01 00:00:00


-- !query
SELECT DATE_TRUNC('CENTURY', DATE '1970-03-20')
-- !query schema
struct<date_trunc(CENTURY, CAST(DATE '1970-03-20' AS TIMESTAMP)):timestamp>
-- !query output
1901-01-01 00:00:00


-- !query
SELECT DATE_TRUNC('CENTURY', DATE '2004-08-10')
-- !query schema
struct<date_trunc(CENTURY, CAST(DATE '2004-08-10' AS TIMESTAMP)):timestamp>
-- !query output
2001-01-01 00:00:00


-- !query
SELECT DATE_TRUNC('CENTURY', DATE '0002-02-04')
-- !query schema
struct<date_trunc(CENTURY, CAST(DATE '0002-02-04' AS TIMESTAMP)):timestamp>
-- !query output
0001-01-01 00:00:00


-- !query
SELECT DATE_TRUNC('CENTURY', TO_DATE('0055-08-10 BC', 'yyyy-MM-dd G'))
-- !query schema
struct<date_trunc(CENTURY, CAST(to_date('0055-08-10 BC', 'yyyy-MM-dd G') AS TIMESTAMP)):timestamp>
-- !query output
-0099-01-01 00:00:00


-- !query
SELECT DATE_TRUNC('DECADE', DATE '1993-12-25')
-- !query schema
struct<date_trunc(DECADE, CAST(DATE '1993-12-25' AS TIMESTAMP)):timestamp>
-- !query output
1990-01-01 00:00:00


-- !query
SELECT DATE_TRUNC('DECADE', DATE '0004-12-25')
-- !query schema
struct<date_trunc(DECADE, CAST(DATE '0004-12-25' AS TIMESTAMP)):timestamp>
-- !query output
0000-01-01 00:00:00


-- !query
SELECT DATE_TRUNC('DECADE', TO_DATE('0002-12-31 BC', 'yyyy-MM-dd G'))
-- !query schema
struct<date_trunc(DECADE, CAST(to_date('0002-12-31 BC', 'yyyy-MM-dd G') AS TIMESTAMP)):timestamp>
-- !query output
-0010-01-01 00:00:00


-- !query
select make_date(2013, 7, 15)
-- !query schema
struct<make_date(2013, 7, 15):date>
-- !query output
2013-07-15


-- !query
select make_date(-44, 3, 15)
-- !query schema
struct<make_date(-44, 3, 15):date>
-- !query output
-0044-03-15


-- !query
select make_date(2013, 2, 30)
-- !query schema
struct<make_date(2013, 2, 30):date>
-- !query output
NULL


-- !query
select make_date(2013, 13, 1)
-- !query schema
struct<make_date(2013, 13, 1):date>
-- !query output
NULL


-- !query
select make_date(2013, 11, -1)
-- !query schema
struct<make_date(2013, 11, -1):date>
-- !query output
NULL


-- !query
DROP TABLE DATE_TBL
-- !query schema
struct<>
-- !query output

